2026-03-22 18:43:04,405 - INFO - Starting deployment
2026-03-22 18:43:04,655 - INFO - VM memory: 7936 MB → max 3 concurrent user(s)
2026-03-22 18:43:04,926 - INFO - Launched first container for user work2. Container ID: b1e40afeda9f4417dfdfeb1f34529f1882347d45c29d1e997746e668b703667e
2026-03-22 18:43:04,927 - INFO - Launched first container for user work3. Container ID: 89c6dcc57a4d4660875acd546b2be5855be3a7be80aef0d21bec07370607a89d
2026-03-22 18:43:05,003 - INFO - Launched first container for user work1. Container ID: 7d3166c4e9edc5a82f46cc17559f0db895c204894d98e16a3040d4cff99f54f4
2026-03-22 18:43:55,468 - INFO - Successfully launched second container for user work3. Container ID: d0abfa78c75168d72dfc716b36bb84dafe573856ff6edb851475eee868e1f918
2026-03-22 18:43:55,559 - INFO - Successfully launched second container for user work1. Container ID: 626c015449c3c29abcf526757076a6e99bf5c7b837af9eaebba668c799edd417
2026-03-22 18:44:00,572 - INFO - Successfully launched second container for user work2. Container ID: bf2554d4545d503e54666c2e72d263d0ec2e381ec4996d33eb245afa5744f238
2026-03-22 18:45:01,195 - INFO - Launched first container for user work4. Container ID: 250cf5ea28c47f58085da6029f70766ecf54dd7826717c0c27a0b3896fef64c8
2026-03-22 18:45:11,271 - INFO - Launched first container for user work5. Container ID: ff49863e1788d609a822ee75da2359af4261292f451028e36158e2de8b55cd5c
2026-03-22 18:45:26,421 - INFO - Launched first container for user work6. Container ID: 214dbefdc83bf15988251e800789331b0824e4cf9ba840e0a5a1ce9df987e420
2026-03-22 18:50:23,972 - INFO - Successfully launched second container for user work4. Container ID: 3827113b972b04dbf9005530b57bcc7d996f91c5f97b9a752b79d6094a5a9ada
2026-03-22 18:50:39,051 - INFO - Successfully launched second container for user work5. Container ID: ddecda1efd2c008934d63460577ef797191ea1fbd1b8b7699a3f4f2a3e232ce9
2026-03-22 18:50:54,230 - INFO - Successfully launched second container for user work6. Container ID: 531e3b511b7c2a18f77573c73404805823a7e3b8caebe4376eac17318a7bb0c4
2026-03-22 18:57:42,461 - INFO - Launched first container for user work7. Container ID: d7ea2b2246dc4840d89092932e341004737f5698fea804db3b7956d2d316e8f5
2026-03-22 18:58:02,630 - INFO - Launched first container for user work8. Container ID: 729bce9135d405412c3faa238a5b82f1a111df300f6f4840fbe7604c2703e9e2
2026-03-22 18:58:12,671 - INFO - Launched first container for user work9. Container ID: 1147c6ec9c7b433f94d894b8aae74f8e8aa5888fc6876802f1abc69f4483341b
2026-03-22 19:15:05,396 - INFO - Starting deployment
2026-03-22 19:15:05,703 - INFO - VM memory: 7936 MB → max 3 container-1s, 26 container-2s concurrently
2026-03-22 19:15:05,927 - INFO - Launched first container for user work6. Container ID: c91957b58c73bdce8e445c5cca8d3e7f634300b2cf7c66b4fa7aaeb899e18da8
2026-03-22 19:15:06,000 - INFO - Launched first container for user work4. Container ID: 5d2498a61453dbdc4c031b70e24ed713dba217d217e3b296a60e07ec2f30bbad
2026-03-22 19:15:06,048 - INFO - Launched first container for user work2. Container ID: 17e3dfcf8e27c65a99c61b5b0484800a0c60c298562999ed5e58e00431fd405c
2026-03-22 19:20:33,747 - INFO - Launched first container for user work1. Container ID: 1aebd8f1b370c3c95f636dfc6379ab510489bc0f163e43452372f8a5166eb06d
2026-03-22 19:20:33,828 - INFO - Successfully launched second container for user work6. Container ID: 4c06bb1c43e5a45a2d1b70e274af2455840bebbde25b1c7cae028985bc1fb570
2026-03-22 19:20:53,985 - INFO - Successfully launched second container for user work4. Container ID: 7ebcea9f923eecf51ff32d82c5762c9ea7a329aeb283d53de3e54a67b56dc601
2026-03-22 19:20:54,060 - INFO - Launched first container for user work7. Container ID: d38c8387520b6935f0b4bee387f639df3e71534898c622ce0a130fd3e294c107
2026-03-22 19:20:54,115 - INFO - Launched first container for user work8. Container ID: 4430748d3b21b896e2071e48c413f293108f6322f44150a9070237bc2fb11aa8
2026-03-22 19:20:54,123 - INFO - Successfully launched second container for user work2. Container ID: a20147491de23723700d637e02290378879cc4d6d9caaa57dbf3807fe8c066b2
2026-03-22 19:25:56,646 - INFO - Launched first container for user work9. Container ID: 14dbd939f0c07254f4188b664b622df78eeb8ddbac3a9a0efa9e5e6476cbe038
2026-03-22 19:25:56,706 - INFO - Successfully launched second container for user work1. Container ID: d7f1f0c8b2069181cad0833b061dea926c1b0d2db67b5498c7601fd102b5a541
2026-03-22 19:26:31,967 - INFO - Launched first container for user work5. Container ID: ab6bd0a5dd41effa3f7f8f983944febc23a03018b0c6574d4bf94199609031ea
2026-03-22 19:26:32,024 - INFO - Successfully launched second container for user work7. Container ID: 82c7ff7574bbfbffd804bf0c2db8d77e7680fea4dff97e09f19001331380dc69
2026-03-22 19:26:32,090 - INFO - Successfully launched second container for user work8. Container ID: c4282d43c66846550d0e8b37f0a2b05b59896d9e3c36dca4a06f5a82c03b1ad7
2026-03-22 19:26:32,139 - INFO - Launched first container for user work10. Container ID: a9e8f734525836500f642173019e6cbeb90486197aa1bb4f8e9f0c19db019c26
2026-03-22 19:31:09,413 - INFO - Successfully launched second container for user work9. Container ID: e0644be3ac01ba5011696839c11f9abe5d9cb963edd7c2ede235bd64b50a94cd
2026-03-22 19:31:09,538 - INFO - Launched first container for user work3. Container ID: 0a95ec27ffaf19a11c7b4d3a6e2791c2588fd5fec302ce3ba8af0721c1832e31
2026-03-22 19:31:59,790 - INFO - Successfully launched second container for user work10. Container ID: 20990445e9336b949e31c9625554a5baf177746b8eba1517d9fbc0237eb3f848
2026-03-22 19:32:09,856 - INFO - Successfully launched second container for user work5. Container ID: 5efc260b51144204ec103803cf8e594b042d9f69c8e4ca869cbcec6de254458b
2026-03-22 19:36:42,269 - INFO - Successfully launched second container for user work3. Container ID: bf469967e125c9e710cb1fd64a8cfac5c523116f554a0eeba5316cabfdada8ed
2026-03-22 19:44:21,098 - INFO - Deployment complete. Successful: 10, Failed: 0
2026-03-22 19:56:27,197 - INFO - Starting deployment
2026-03-22 19:56:27,422 - INFO - VM memory: 9936 MB → max 4 container-1s, 33 container-2s concurrently
2026-03-22 19:56:27,725 - INFO - Launched first container for user work11. Container ID: 6d2e1a36156e597f2f6037095052e431e3bea7988ab5e133e9b6179c996dd777
2026-03-22 19:56:27,784 - INFO - Launched first container for user work4. Container ID: 97de39e330fefd39af3db9b0667b0f842cae16dc90b56673b2222dc3c85d39ba
2026-03-22 19:56:27,856 - INFO - Launched first container for user work3. Container ID: da2011245acee1b720132152f58a396d5e1415247b7d9a79a097faf2697cb451
2026-03-22 19:56:27,924 - INFO - Launched first container for user work14. Container ID: f4f8534e8b245e045a7790962e2545ad185692e21a4c4f64a4ee2b97b48c6c7c
2026-03-22 19:57:18,461 - INFO - Launched first container for user work12. Container ID: c1ea4e8fb28de9aee4cceebb35d9a598dd0166f4a8e28ba29bb19ff2f2542b20
2026-03-22 19:57:18,525 - INFO - Launched first container for user work10. Container ID: 7b598b608d7c1608580c559c1d55e22b288b7fac3381c893feda9ff9eb3637ba
2026-03-22 19:57:18,575 - INFO - Successfully launched second container for user work4. Container ID: 1355e77e974612dca42726959aadf0dec6ebd2dcfd079a893f66c130266d2ed5
2026-03-22 19:57:18,658 - INFO - Successfully launched second container for user work3. Container ID: febd10996567722fcb319a487137cebe7796f78347c2ea92a34c67d3908ce64e
2026-03-22 19:57:59,010 - INFO - Successfully launched second container for user work10. Container ID: ba6c8f3f4d8ea3370eb3c9fdadb507534607903b86263467bc29d4e238f7142b
2026-03-22 19:57:59,080 - INFO - Launched first container for user work6. Container ID: f6806931235a2ef5324f4d86bb9b27492206666dab3754ae7fe8f93761750113
2026-03-22 19:58:34,526 - INFO - Successfully launched second container for user work6. Container ID: 756f23c8373506b949c88965676a8051c539b7b83f20a6ee3d83d94575f5e205
2026-03-22 19:58:34,583 - INFO - Launched first container for user work5. Container ID: e01b86f5501c7b829d092bbadd3aac3ccca78e8aba7b70651775fe32df11b98f
2026-03-22 19:59:10,019 - INFO - Launched first container for user work9. Container ID: b098d440598fc5958fe79a734a5d29b68254dbef013e4e24e6624923e055f048
2026-03-22 19:59:10,068 - INFO - Successfully launched second container for user work5. Container ID: d50baab29c2e4009d54351d9776d523cc1c214d13bde6d301036a3fdb35698f6
2026-03-22 19:59:45,498 - INFO - Launched first container for user work7. Container ID: 82202a53e4e067c11d63e34ea4b4bb774d0e1d882749014f8ee99b221213da1c
2026-03-22 19:59:45,576 - INFO - Successfully launched second container for user work9. Container ID: ca41e1bd3846788e388ec1b6d8bc1267cce42c590594e394b7c8437ab72f769d
2026-03-22 20:00:20,994 - INFO - Launched first container for user work13. Container ID: 8d79a592dd254955401dc3a75f42902cc368226f50599084370c5b45df412daf
2026-03-22 20:00:21,061 - INFO - Successfully launched second container for user work7. Container ID: ae0aac141c9d412dc23ae72c9732061f93e13d6cd62e0b740272da75ee944583
2026-03-22 20:01:45,445 - INFO - Launched first container for user work2. Container ID: f2c5aab4ee126b6a9610c70d1b787b740074aff54a366f5078ca2799cff1892f
2026-03-22 20:01:45,522 - INFO - Successfully launched second container for user work11. Container ID: ccb24ac69cd326b16ae9f11e8fa3b1d8f0395ea2fc10e45be24e1d1cb383e1c0
2026-03-22 20:02:15,760 - INFO - Launched first container for user work8. Container ID: 3e18e825a2317948004829d39bee9be6bc5d491a903139fd669a943de6247552
2026-03-22 20:02:15,837 - INFO - Successfully launched second container for user work14. Container ID: 71fa8d37aa422f3f07f49f7bf57449444b243377be56ce3f74be5f663befff3b
2026-03-22 20:02:26,295 - INFO - Successfully launched second container for user work2. Container ID: d902e6220581b68bbd96ebd1bd8969f5d4b1c0176a5fc331c71fab2de4ce9fa3
2026-03-22 20:02:26,402 - INFO - Launched first container for user work1. Container ID: 57474688a2c404801a83a79c524a0f2928af1c51732f2eab4c4cbad46d18ceac
2026-03-22 20:02:50,929 - INFO - Successfully launched second container for user work12. Container ID: 57ba4b5e73b7d7afdfa8ab9e972c99c4e4d7ce331e68c5aef31f029095c01917
2026-03-22 20:02:56,208 - INFO - Successfully launched second container for user work8. Container ID: 77b94674cb60fd8ad65f7fac073ffa46c9b7c2bd8183a285a4fc41f04b6f49e2
2026-03-22 20:03:06,922 - INFO - Successfully launched second container for user work1. Container ID: 752ec79bdd0c841c28a1e805c960cf611fb2fd3405da29a1e55909f5339e5753
2026-03-22 20:05:33,294 - INFO - Successfully launched second container for user work13. Container ID: 47e44b9f14cdfdccd8bda202292e0e0fffc1f60a52872aac7a8086edd7c0db26
